# Time-averaged data for fix myMSD
# TimeStep MSD_X MSD_Y MSD_Z MSD_Total Temperture
0 1.17769e-30 3.42309e-31 1.09173e-31 1.62917e-30 300
1000 1.04144 1.00921 1.36328 3.41392 309.615
